
> coop_commerce_web@1.0.0 build
> next build

  Ôû▓ Next.js 14.2.35
  - Environments: .env.local
  - Experiments (use with caution):
    ┬À instrumentationHook

   Creating an optimized production build ...
[@sentry/nextjs - Node.js] Info: Sending telemetry data on issues and performance to Sentry. To disable telemetry, set `options.telemetry` to `false`.
node.exe : [@sentry/nextjs - Node.js] Error: An error occurred. Couldn't finish all operations: Error: 
Command failed: C:\development\coop_commerce_web\node_modules\@sentry\cli-win32-x64\bin\sentry-cli.exe 
--header sentry-trace:ea055695c7d2458680b49250d8858c5a-bb3ca1281db24ca3 releases new 
6d01950983a00d1aa5a0b9d07ff76018c6a4c89d
At line:1 char:1
+ & "C:\Program Files\nodejs/node.exe" "C:\Users\LENOVO 1\AppData\Roami ...
+ ~~~~~~~~~~~~~~~~~~~~~~~~~~~~~~~~~~~~~~~~~~~~~~~~~~~~~~~~~~~~~~~~~~~~~
    + CategoryInfo          : NotSpecified: ([@sentry/nextjs...ff76018c6a4c89d:String) [], RemoteExcepti 
   on
    + FullyQualifiedErrorId : NativeCommandError
 
error: API request failed

Caused by:
    sentry reported an error: Invalid token (http status: 401)

Add --log-level=[info|debug] or export SENTRY_LOG_LEVEL=[info|debug] to see more output.
Please attach the full debug log to all bug reports.

    at genericNodeError (node:internal/errors:983:15)
    at wrappedFn (node:internal/errors:537:14)
    at ChildProcess.exithandler (node:child_process:417:12)
    at ChildProcess.emit (node:events:519:28)
    at maybeClose (node:internal/child_process:1101:16)
    at ChildProcess._handle.onexit (node:internal/child_process:304:5) {
  code: 1,
  killed: false,
  signal: null,
  cmd: 'C:\\development\\coop_commerce_web\\node_modules\\@sentry\\cli-win32-x64\\bin\\sentry-cli.exe 
--header sentry-trace:ea055695c7d2458680b49250d8858c5a-bb3ca1281db24ca3 releases new 
6d01950983a00d1aa5a0b9d07ff76018c6a4c89d'
}
error: API request failed

Caused by:
    sentry reported an error: Invalid token (http status: 401)

Add --log-level=[info|debug] or export SENTRY_LOG_LEVEL=[info|debug] to see more output.
Please attach the full debug log to all bug reports.
[@sentry/nextjs - Node.js] Error: An error occurred. Couldn't finish all operations: Error: Command 
--header sentry-trace:6e2d06eba09844c3972e8b3c66f2bc19-826955f5dd28e9b9-1 --header baggage:sentry-environ
ment=production,sentry-release=5.1.1,sentry-public_key=4c2bae7d9fbc413e8f7385f55c515d51,sentry-trace_id=6
e2d06eba09844c3972e8b3c66f2bc19,sentry-sample_rate=1,sentry-transaction=Sentry%20Bundler%20Plugin%20execu
tion,sentry-sampled=true sourcemaps upload -p javascript-nextjs --release 
6d01950983a00d1aa5a0b9d07ff76018c6a4c89d 
C:\Users\LENOVO~1\AppData\Local\Temp\sentry-bundler-plugin-upload-2uNJmr --ignore node_modules 
--no-rewrite failed with exit code 1
    at ChildProcess.<anonymous> 
(C:\development\coop_commerce_web\node_modules\@sentry\cli\js\helper.js:321:32)
    at ChildProcess.emit (node:events:519:28)
    at ChildProcess._handle.onexit (node:internal/child_process:293:12)
[@sentry/nextjs - Edge] Info: Sending telemetry data on issues and performance to Sentry. To disable telemetry, set `options.telemetry` to `false`.
[@sentry/nextjs - Edge] Error: An error occurred. Couldn't finish all operations: Error: Command failed: 
C:\development\coop_commerce_web\node_modules\@sentry\cli-win32-x64\bin\sentry-cli.exe --header 
sentry-trace:ea055695c7d2458680b49250d8858c5a-b1a051c211d76adb releases new 
6d01950983a00d1aa5a0b9d07ff76018c6a4c89d
error: API request failed

Caused by:
    sentry reported an error: Invalid token (http status: 401)

Add --log-level=[info|debug] or export SENTRY_LOG_LEVEL=[info|debug] to see more output.
Please attach the full debug log to all bug reports.

    at genericNodeError (node:internal/errors:983:15)
    at wrappedFn (node:internal/errors:537:14)
    at ChildProcess.exithandler (node:child_process:417:12)
    at ChildProcess.emit (node:events:519:28)
    at maybeClose (node:internal/child_process:1101:16)
    at ChildProcess._handle.onexit (node:internal/child_process:304:5) {
  code: 1,
  killed: false,
  signal: null,
  cmd: 'C:\\development\\coop_commerce_web\\node_modules\\@sentry\\cli-win32-x64\\bin\\sentry-cli.exe 
--header sentry-trace:ea055695c7d2458680b49250d8858c5a-b1a051c211d76adb releases new 
6d01950983a00d1aa5a0b9d07ff76018c6a4c89d'
}
error: API request failed

Caused by:
    sentry reported an error: Invalid token (http status: 401)

Add --log-level=[info|debug] or export SENTRY_LOG_LEVEL=[info|debug] to see more output.
Please attach the full debug log to all bug reports.
[@sentry/nextjs - Edge] Error: An error occurred. Couldn't finish all operations: Error: Command 
--header sentry-trace:a30a3b874f7b45ceb4990c6c8338ba35-a3ce7134d10bccef-1 --header baggage:sentry-environ
ment=production,sentry-release=5.1.1,sentry-public_key=4c2bae7d9fbc413e8f7385f55c515d51,sentry-trace_id=a
30a3b874f7b45ceb4990c6c8338ba35,sentry-sample_rate=1,sentry-transaction=Sentry%20Bundler%20Plugin%20execu
tion,sentry-sampled=true sourcemaps upload -p javascript-nextjs --release 
6d01950983a00d1aa5a0b9d07ff76018c6a4c89d 
C:\Users\LENOVO~1\AppData\Local\Temp\sentry-bundler-plugin-upload-pB4uQR --ignore node_modules 
--no-rewrite failed with exit code 1
    at ChildProcess.<anonymous> 
(C:\development\coop_commerce_web\node_modules\@sentry\cli\js\helper.js:321:32)
    at ChildProcess.emit (node:events:519:28)
    at ChildProcess._handle.onexit (node:internal/child_process:293:12)
[@sentry/nextjs - Client] Info: Sending telemetry data on issues and performance to Sentry. To disable telemetry, set `options.telemetry` to `false`.
[@sentry/nextjs - Client] Error: An error occurred. Couldn't finish all operations: Error: Command 
failed: C:\development\coop_commerce_web\node_modules\@sentry\cli-win32-x64\bin\sentry-cli.exe --header 
sentry-trace:ea055695c7d2458680b49250d8858c5a-b34e9fe9ed02c367 releases new 
6d01950983a00d1aa5a0b9d07ff76018c6a4c89d
error: API request failed

Caused by:
    sentry reported an error: Invalid token (http status: 401)

Add --log-level=[info|debug] or export SENTRY_LOG_LEVEL=[info|debug] to see more output.
Please attach the full debug log to all bug reports.

    at genericNodeError (node:internal/errors:983:15)
    at wrappedFn (node:internal/errors:537:14)
    at ChildProcess.exithandler (node:child_process:417:12)
    at ChildProcess.emit (node:events:519:28)
    at maybeClose (node:internal/child_process:1101:16)
    at ChildProcess._handle.onexit (node:internal/child_process:304:5) {
  code: 1,
  killed: false,
  signal: null,
  cmd: 'C:\\development\\coop_commerce_web\\node_modules\\@sentry\\cli-win32-x64\\bin\\sentry-cli.exe 
--header sentry-trace:ea055695c7d2458680b49250d8858c5a-b34e9fe9ed02c367 releases new 
6d01950983a00d1aa5a0b9d07ff76018c6a4c89d'
}
error: API request failed

Caused by:
    sentry reported an error: Invalid token (http status: 401)

Add --log-level=[info|debug] or export SENTRY_LOG_LEVEL=[info|debug] to see more output.
Please attach the full debug log to all bug reports.
[@sentry/nextjs - Client] Error: An error occurred. Couldn't finish all operations: Error: Command 
--header sentry-trace:faa58e2b8e09416fb476d0a7e09e13a9-a556b4658bf2ff25-1 --header baggage:sentry-environ
ment=production,sentry-release=5.1.1,sentry-public_key=4c2bae7d9fbc413e8f7385f55c515d51,sentry-trace_id=f
aa58e2b8e09416fb476d0a7e09e13a9,sentry-sample_rate=1,sentry-transaction=Sentry%20Bundler%20Plugin%20execu
tion,sentry-sampled=true sourcemaps upload -p javascript-nextjs --release 
6d01950983a00d1aa5a0b9d07ff76018c6a4c89d 
C:\Users\LENOVO~1\AppData\Local\Temp\sentry-bundler-plugin-upload-Q9jIzP --ignore node_modules 
--no-rewrite failed with exit code 1
    at ChildProcess.<anonymous> 
(C:\development\coop_commerce_web\node_modules\@sentry\cli\js\helper.js:321:32)
    at ChildProcess.emit (node:events:519:28)
    at ChildProcess._handle.onexit (node:internal/child_process:293:12)
 Ô£ô Compiled successfully
   Linting and checking validity of types ...
Failed to compile.

./app/products/page.tsx:32:42
Type error: Argument of type 'ProductFilter' is not assignable to parameter of type 'number'.

[0m [90m 30 |[39m         setError([36mnull[39m)[33m;[39m[0m
[0m [90m 31 |[39m[0m
[0m[31m[1m>[22m[39m[90m 32 |[39m         [36mconst[39m result [33m=[39m [36mawait[39m 
getProducts(filters)[33m;[39m[0m
[0m [90m    |[39m                                          [31m[1m^[22m[39m[0m
[0m [90m 33 |[39m         setProducts(result[33m.[39mproducts)[33m;[39m[0m
[0m [90m 34 |[39m       } [36mcatch[39m (err) {[0m
[0m [90m 35 |[39m         console[33m.[39merror([32m'Error fetching products:'[39m[33m,[39m 
err)[33m;[39m[0m
Next.js build worker exited with code: 1 and signal: null
